[wpthemebooster.com/demo/themeforest/html/mrittik/dark/index.html]
[wpthemebooster.com/demo/themeforest/html/mrittik/assets/img/favicon.png]
[backblue.gif]
[fade.gif]
[index.html]
[wpthemebooster.com/demo/themeforest/html/mrittik/dark/index-2.html]
[wpthemebooster.com/demo/themeforest/html/mrittik/dark/index-3.html]
[wpthemebooster.com/demo/themeforest/html/mrittik/dark/index-4.html]
[wpthemebooster.com/demo/themeforest/html/mrittik/dark/index-5.html]
[wpthemebooster.com/demo/themeforest/html/mrittik/dark/index-6.html]
[wpthemebooster.com/demo/themeforest/html/mrittik/dark/index-7.html]
[wpthemebooster.com/demo/themeforest/html/mrittik/dark/index-8.html]
[wpthemebooster.com/demo/themeforest/html/mrittik/dark/index-9.html]
[wpthemebooster.com/demo/themeforest/html/mrittik/dark/index-10.html]
[wpthemebooster.com/demo/themeforest/html/mrittik/dark/index-11.html]
[wpthemebooster.com/demo/themeforest/html/mrittik/dark/project-1.html]
[wpthemebooster.com/demo/themeforest/html/mrittik/dark/project-2.html]
[wpthemebooster.com/demo/themeforest/html/mrittik/dark/project-3.html]
[wpthemebooster.com/demo/themeforest/html/mrittik/dark/project-details.html]
[wpthemebooster.com/demo/themeforest/html/mrittik/dark/project-details-2.html]
[wpthemebooster.com/demo/themeforest/html/mrittik/dark/about.html]
[wpthemebooster.com/demo/themeforest/html/mrittik/dark/team.html]
[wpthemebooster.com/demo/themeforest/html/mrittik/dark/team-details.html]
[wpthemebooster.com/demo/themeforest/html/mrittik/dark/service-1.html]
[wpthemebooster.com/demo/themeforest/html/mrittik/dark/service-2.html]
[wpthemebooster.com/demo/themeforest/html/mrittik/dark/service-details.html]
[wpthemebooster.com/demo/themeforest/html/mrittik/dark/shop-1.html]
[wpthemebooster.com/demo/themeforest/html/mrittik/dark/shop-2.html]
[wpthemebooster.com/demo/themeforest/html/mrittik/dark/shop-3.html]
[wpthemebooster.com/demo/themeforest/html/mrittik/dark/shop-product.html]
[wpthemebooster.com/demo/themeforest/html/mrittik/dark/shop-cart.html]
[wpthemebooster.com/demo/themeforest/html/mrittik/dark/shop-checkout.html]
[wpthemebooster.com/demo/themeforest/html/mrittik/dark/login.html]
[wpthemebooster.com/demo/themeforest/html/mrittik/dark/404.html]
[wpthemebooster.com/demo/themeforest/html/mrittik/dark/coming-soon.html]
[wpthemebooster.com/demo/themeforest/html/mrittik/dark/contact.html]
[wpthemebooster.com/demo/themeforest/html/mrittik/dark/blog.html]
[wpthemebooster.com/demo/themeforest/html/mrittik/dark/blog-details.html]
[wpthemebooster.com/demo/themeforest/html/mrittik/assets/img/slider/14.jpg]
[wpthemebooster.com/demo/themeforest/html/mrittik/assets/img/slider/5.jpg]
[wpthemebooster.com/demo/themeforest/html/mrittik/assets/img/slider/8.jpg]
[wpthemebooster.com/demo/themeforest/html/mrittik/assets/img/about/a1.jpg]
[wpthemebooster.com/demo/themeforest/html/mrittik/assets/img/fact-1.png]
[wpthemebooster.com/demo/themeforest/html/mrittik/assets/img/fact-2.png]
[wpthemebooster.com/demo/themeforest/html/mrittik/assets/img/fact-3.png]
[wpthemebooster.com/demo/themeforest/html/mrittik/assets/img/fact-4.png]
[wpthemebooster.com/demo/themeforest/html/mrittik/assets/img/image_box/3.jpg]
[wpthemebooster.com/demo/themeforest/html/mrittik/assets/img/image_box/2.jpg]
[wpthemebooster.com/demo/themeforest/html/mrittik/assets/img/image_box/1.jpg]
[wpthemebooster.com/demo/themeforest/html/mrittik/assets/img/portfolio/packery/1.jpg]
[wpthemebooster.com/demo/themeforest/html/mrittik/assets/img/portfolio/packery/2.jpg]
[wpthemebooster.com/demo/themeforest/html/mrittik/assets/img/portfolio/packery/3.jpg]
[wpthemebooster.com/demo/themeforest/html/mrittik/assets/img/portfolio/packery/4.jpg]
[wpthemebooster.com/demo/themeforest/html/mrittik/assets/img/portfolio/packery/5.jpg]
[wpthemebooster.com/demo/themeforest/html/mrittik/assets/img/portfolio/packery/6.jpg]
[wpthemebooster.com/demo/themeforest/html/mrittik/assets/img/portfolio/packery/7.jpg]
[wpthemebooster.com/demo/themeforest/html/mrittik/assets/img/portfolio/packery/8.jpg]
[wpthemebooster.com/demo/themeforest/html/mrittik/assets/img/blog/1.jpg]
[wpthemebooster.com/demo/themeforest/html/mrittik/assets/img/blog/2.jpg]
[wpthemebooster.com/demo/themeforest/html/mrittik/assets/img/blog/3.jpg]
[wpthemebooster.com/demo/themeforest/html/mrittik/assets/js/jquery-3.6.0.min.js]
[wpthemebooster.com/demo/themeforest/html/mrittik/assets/js/bootstrap.bundle.min.js]
[wpthemebooster.com/demo/themeforest/html/mrittik/plugins/swiper/swiper-bundle.min.js]
[wpthemebooster.com/demo/themeforest/html/mrittik/assets/js/funfacts.js]
[wpthemebooster.com/demo/themeforest/html/mrittik/plugins/isotope/isotope.pkgd.min.js]
[wpthemebooster.com/demo/themeforest/html/mrittik/plugins/isotope/imagesloaded.pkgd.min.js]
[wpthemebooster.com/demo/themeforest/html/mrittik/plugins/isotope/packery-mode.pkgd.js]
[wpthemebooster.com/demo/themeforest/html/mrittik/plugins/isotope/tilt.jquery.js]
[wpthemebooster.com/demo/themeforest/html/mrittik/plugins/isotope/isotope-init.js]
[wpthemebooster.com/demo/themeforest/html/mrittik/plugins/cursor-effect/cursor-effect.js]
[wpthemebooster.com/demo/themeforest/html/mrittik/plugins/select2/js/select2.min.js]
[wpthemebooster.com/demo/themeforest/html/mrittik/plugins/aos/aos.js]
[wpthemebooster.com/demo/themeforest/html/mrittik/assets/js/theme.js]
[wpthemebooster.com/demo/themeforest/html/mrittik/dark/index.html]
[wpthemebooster.com/demo/themeforest/html/mrittik/assets/img/apple-touch-icon.html]
[wpthemebooster.com/demo/themeforest/html/mrittik/assets/img/apple-touch-icon-72x72.html]
[wpthemebooster.com/demo/themeforest/html/mrittik/assets/img/apple-touch-icon-114x114.html]
[wpthemebooster.com/demo/themeforest/html/mrittik/assets/img/apple-touch-icon-144x144.html]
[wpthemebooster.com/demo/themeforest/html/mrittik/assets/img/bg/bg-1.jpg]
[wpthemebooster.com/demo/themeforest/html/mrittik/assets/img/bg/bg-3.jpg]
[wpthemebooster.com/demo/themeforest/html/mrittik/assets/img/btn-texture-black.png]
[wpthemebooster.com/demo/themeforest/html/mrittik/assets/img/btn-texture-white.png]
[wpthemebooster.com/demo/themeforest/html/mrittik/assets/img/btn-texture-gray.png]
[wpthemebooster.com/demo/themeforest/html/mrittik/assets/img/btn-texture-olive.png]
[wpthemebooster.com/demo/themeforest/html/mrittik/assets/img/bg/bg_t_1.png]
[wpthemebooster.com/demo/themeforest/html/mrittik/assets/img/bg/bg_t_2.png]
[wpthemebooster.com/demo/themeforest/html/mrittik/assets/img/bg/bg-2.jpg]
[wpthemebooster.com/demo/themeforest/html/mrittik/assets/img/header_bg.jpg]
[wpthemebooster.com/demo/themeforest/html/mrittik/assets/img/bg/bg-2-light.jpg]
[wpthemebooster.com/demo/themeforest/html/mrittik/assets/css/style.css]
[wpthemebooster.com/demo/themeforest/html/mrittik/dark/index-2.html]
[wpthemebooster.com/demo/themeforest/html/mrittik/assets/img/slider/9.jpg]
[wpthemebooster.com/demo/themeforest/html/mrittik/assets/img/slider/10.jpg]
[wpthemebooster.com/demo/themeforest/html/mrittik/assets/img/slider/11.jpg]
[wpthemebooster.com/demo/themeforest/html/mrittik/assets/img/slider/12.jpg]
[wpthemebooster.com/demo/themeforest/html/mrittik/dark/index-3.html]
[wpthemebooster.com/demo/themeforest/html/mrittik/assets/img/slider/2.jpg]
[wpthemebooster.com/demo/themeforest/html/mrittik/assets/img/slider/3.jpg]
[wpthemebooster.com/demo/themeforest/html/mrittik/assets/img/slider/rotate-logo.png]
[wpthemebooster.com/demo/themeforest/html/mrittik/assets/img/slider/rotate-logo-text.png]
[wpthemebooster.com/demo/themeforest/html/mrittik/assets/img/portfolio/1.jpg]
[wpthemebooster.com/demo/themeforest/html/mrittik/assets/img/portfolio/2.jpg]
[wpthemebooster.com/demo/themeforest/html/mrittik/assets/img/portfolio/3.jpg]
[wpthemebooster.com/demo/themeforest/html/mrittik/assets/img/portfolio/4.jpg]
[wpthemebooster.com/demo/themeforest/html/mrittik/assets/img/portfolio/5.jpg]
[wpthemebooster.com/demo/themeforest/html/mrittik/assets/img/portfolio/6.jpg]
[wpthemebooster.com/demo/themeforest/html/mrittik/assets/img/portfolio/7.jpg]
[wpthemebooster.com/demo/themeforest/html/mrittik/assets/img/portfolio/8.jpg]
[wpthemebooster.com/demo/themeforest/html/mrittik/dark/index-4.html]
[wpthemebooster.com/demo/themeforest/html/mrittik/assets/img/slider/6.jpg]
[wpthemebooster.com/demo/themeforest/html/mrittik/assets/img/slider/4.jpg]
[wpthemebooster.com/demo/themeforest/html/mrittik/dark/index-5.html]
[wpthemebooster.com/demo/themeforest/html/mrittik/assets/img/slider/13.jpg]
[wpthemebooster.com/demo/themeforest/html/mrittik/dark/index-6.html]
[wpthemebooster.com/demo/themeforest/html/mrittik/assets/img/slider/star1.png]
[wpthemebooster.com/demo/themeforest/html/mrittik/assets/img/slider/star1-dark.png]
[wpthemebooster.com/demo/themeforest/html/mrittik/assets/img/slider/star2.png]
[wpthemebooster.com/demo/themeforest/html/mrittik/assets/img/slider/star2-dark.png]
[wpthemebooster.com/demo/themeforest/html/mrittik/assets/img/slider/star3.png]
[wpthemebooster.com/demo/themeforest/html/mrittik/assets/img/slider/star3-dark.png]
[wpthemebooster.com/demo/themeforest/html/mrittik/dark/index-7.html]
[wpthemebooster.com/demo/themeforest/html/mrittik/assets/img/slider/grid/1.jpg]
[wpthemebooster.com/demo/themeforest/html/mrittik/assets/img/slider/grid/2.jpg]
[wpthemebooster.com/demo/themeforest/html/mrittik/assets/img/slider/grid/3.jpg]
[wpthemebooster.com/demo/themeforest/html/mrittik/assets/img/slider/grid/4.jpg]
[wpthemebooster.com/demo/themeforest/html/mrittik/assets/img/slider/grid/5.jpg]
[wpthemebooster.com/demo/themeforest/html/mrittik/assets/img/slider/grid/6.jpg]
[wpthemebooster.com/demo/themeforest/html/mrittik/dark/index-8.html]
[wpthemebooster.com/demo/themeforest/html/mrittik/assets/img/slider/18.jpg]
[wpthemebooster.com/demo/themeforest/html/mrittik/assets/img/slider/19.jpg]
[wpthemebooster.com/demo/themeforest/html/mrittik/assets/img/slider/20.jpg]
[wpthemebooster.com/demo/themeforest/html/mrittik/dark/index-9.html]
[wpthemebooster.com/demo/themeforest/html/mrittik/assets/img/about/a2.jpg]
[wpthemebooster.com/demo/themeforest/html/mrittik/assets/img/about/a3.jpg]
[wpthemebooster.com/demo/themeforest/html/mrittik/assets/img/author.png]
[wpthemebooster.com/demo/themeforest/html/mrittik/assets/img/sign.png]
[wpthemebooster.com/demo/themeforest/html/mrittik/assets/img/icon_box/1.png]
[wpthemebooster.com/demo/themeforest/html/mrittik/assets/img/icon_box/2.png]
[wpthemebooster.com/demo/themeforest/html/mrittik/assets/img/icon_box/3.png]
[wpthemebooster.com/demo/themeforest/html/mrittik/assets/img/icon_box/4.png]
[wpthemebooster.com/demo/themeforest/html/mrittik/assets/img/icon_box/5.png]
[wpthemebooster.com/demo/themeforest/html/mrittik/assets/img/icon_box/6.png]
[wpthemebooster.com/demo/themeforest/html/mrittik/assets/img/team/1.jpg]
[wpthemebooster.com/demo/themeforest/html/mrittik/assets/img/team/2.jpg]
[wpthemebooster.com/demo/themeforest/html/mrittik/assets/img/team/3.jpg]
[wpthemebooster.com/demo/themeforest/html/mrittik/assets/img/team/4.jpg]
[wpthemebooster.com/demo/themeforest/html/mrittik/assets/img/team/5.jpg]
[wpthemebooster.com/demo/themeforest/html/mrittik/dark/index-10.html]
[wpthemebooster.com/demo/themeforest/html/mrittik/dark/index-11.html]
[wpthemebooster.com/demo/themeforest/html/mrittik/dark/project-1.html]
[wpthemebooster.com/demo/themeforest/html/mrittik/dark/project-2.html]
[wpthemebooster.com/demo/themeforest/html/mrittik/assets/img/portfolio/grid-list/1.jpg]
[wpthemebooster.com/demo/themeforest/html/mrittik/assets/img/portfolio/grid-list/2.jpg]
[wpthemebooster.com/demo/themeforest/html/mrittik/assets/img/portfolio/grid-list/3.jpg]
[wpthemebooster.com/demo/themeforest/html/mrittik/assets/img/portfolio/grid-list/5.jpg]
[wpthemebooster.com/demo/themeforest/html/mrittik/assets/img/portfolio/grid-list/6.jpg]
[wpthemebooster.com/demo/themeforest/html/mrittik/dark/project-3.html]
[wpthemebooster.com/demo/themeforest/html/mrittik/assets/img/portfolio/details/sl-1.jpg]
[wpthemebooster.com/demo/themeforest/html/mrittik/assets/img/portfolio/details/sl-2.jpg]
[wpthemebooster.com/demo/themeforest/html/mrittik/assets/img/portfolio/details/sl-3.jpg]
[wpthemebooster.com/demo/themeforest/html/mrittik/dark/project-details.html]
[wpthemebooster.com/demo/themeforest/html/mrittik/assets/img/portfolio/details/sl-4.jpg]
[wpthemebooster.com/demo/themeforest/html/mrittik/assets/img/portfolio/details/3.jpg]
[wpthemebooster.com/demo/themeforest/html/mrittik/assets/img/portfolio/details/4.jpg]
[wpthemebooster.com/demo/themeforest/html/mrittik/assets/img/portfolio/details/5.jpg]
[wpthemebooster.com/demo/themeforest/html/mrittik/assets/img/portfolio/details/6.jpg]
[wpthemebooster.com/demo/themeforest/html/mrittik/plugins/fancybox/jquery.fancybox.min.js]
[wpthemebooster.com/demo/themeforest/html/mrittik/plugins/fancybox/fancybox-init.js]
[wpthemebooster.com/demo/themeforest/html/mrittik/dark/project-details-2.html]
[wpthemebooster.com/demo/themeforest/html/mrittik/assets/img/bg/about_bg.jpg]
[wpthemebooster.com/demo/themeforest/html/mrittik/assets/img/bg/video_bg.jpg]
[wpthemebooster.com/demo/themeforest/html/mrittik/dark/about.html]
[wpthemebooster.com/demo/themeforest/html/mrittik/assets/img/team/6.jpg]
[wpthemebooster.com/demo/themeforest/html/mrittik/assets/img/team/7.jpg]
[wpthemebooster.com/demo/themeforest/html/mrittik/assets/img/team/8.jpg]
[wpthemebooster.com/demo/themeforest/html/mrittik/assets/img/team/9.jpg]
[wpthemebooster.com/demo/themeforest/html/mrittik/plugins/jquery_ui/jquery-ui.1.12.1.min.js]
[wpthemebooster.com/demo/themeforest/html/mrittik/plugins/price_range/script.js]
[wpthemebooster.com/demo/themeforest/html/mrittik/dark/team.html]
[wpthemebooster.com/demo/themeforest/html/mrittik/assets/img/portfolio/latest/1.jpg]
[wpthemebooster.com/demo/themeforest/html/mrittik/assets/img/portfolio/latest/2.jpg]
[wpthemebooster.com/demo/themeforest/html/mrittik/assets/img/portfolio/latest/3.jpg]
[wpthemebooster.com/demo/themeforest/html/mrittik/assets/img/portfolio/latest/4.jpg]
[wpthemebooster.com/demo/themeforest/html/mrittik/assets/img/portfolio/latest/5.jpg]
[wpthemebooster.com/demo/themeforest/html/mrittik/dark/team-details.html]
[wpthemebooster.com/demo/themeforest/html/mrittik/dark/service-1.html]
[wpthemebooster.com/demo/themeforest/html/mrittik/assets/img/icon_box/bg-1.jpg]
[wpthemebooster.com/demo/themeforest/html/mrittik/assets/img/icon_box/bg-2.jpg]
[wpthemebooster.com/demo/themeforest/html/mrittik/assets/img/icon_box/bg-3.jpg]
[wpthemebooster.com/demo/themeforest/html/mrittik/assets/img/icon_box/bg-4.jpg]
[wpthemebooster.com/demo/themeforest/html/mrittik/assets/img/icon_box/bg-5.jpg]
[wpthemebooster.com/demo/themeforest/html/mrittik/assets/img/icon_box/bg-6.jpg]
[wpthemebooster.com/demo/themeforest/html/mrittik/dark/service-2.html]
[wpthemebooster.com/demo/themeforest/html/mrittik/dark/service-details.html]
[wpthemebooster.com/demo/themeforest/html/mrittik/assets/img/shop/products/1-1.png]
[wpthemebooster.com/demo/themeforest/html/mrittik/assets/img/shop/products/7-1.png]
[wpthemebooster.com/demo/themeforest/html/mrittik/assets/img/shop/products/9-1.png]
[wpthemebooster.com/demo/themeforest/html/mrittik/assets/img/shop/products/2-1.png]
[wpthemebooster.com/demo/themeforest/html/mrittik/assets/img/shop/products/3-1.png]
[wpthemebooster.com/demo/themeforest/html/mrittik/assets/img/shop/products/4-1.png]
[wpthemebooster.com/demo/themeforest/html/mrittik/assets/img/shop/products/5-1.png]
[wpthemebooster.com/demo/themeforest/html/mrittik/assets/img/shop/products/6-1.png]
[wpthemebooster.com/demo/themeforest/html/mrittik/assets/img/shop/products/8-1.png]
[wpthemebooster.com/demo/themeforest/html/mrittik/assets/img/shop/products/10-1.png]
[wpthemebooster.com/demo/themeforest/html/mrittik/assets/img/shop/products/11-1.png]
[wpthemebooster.com/demo/themeforest/html/mrittik/assets/img/shop/products/12-1.png]
[wpthemebooster.com/demo/themeforest/html/mrittik/dark/shop-1.html]
[wpthemebooster.com/demo/themeforest/html/mrittik/dark/shop-2.html]
[wpthemebooster.com/demo/themeforest/html/mrittik/dark/shop-3.html]
[wpthemebooster.com/demo/themeforest/html/mrittik/assets/img/shop/single/1.png]
[wpthemebooster.com/demo/themeforest/html/mrittik/assets/img/shop/single/2.png]
[wpthemebooster.com/demo/themeforest/html/mrittik/assets/img/shop/single/3.png]
[wpthemebooster.com/demo/themeforest/html/mrittik/assets/img/shop/single/4.png]
[wpthemebooster.com/demo/themeforest/html/mrittik/assets/img/blog/commenter1.png]
[wpthemebooster.com/demo/themeforest/html/mrittik/assets/img/blog/commenter2.png]
[wpthemebooster.com/demo/themeforest/html/mrittik/plugins/imagezoom/jquery.zoom.js]
[wpthemebooster.com/demo/themeforest/html/mrittik/dark/shop-product.html]
[wpthemebooster.com/demo/themeforest/html/mrittik/dark/shop-cart.html]
[wpthemebooster.com/demo/themeforest/html/mrittik/dark/shop-checkout.html]
[wpthemebooster.com/demo/themeforest/html/mrittik/dark/login.html]
[wpthemebooster.com/demo/themeforest/html/mrittik/dark/404.html]
[wpthemebooster.com/demo/themeforest/html/mrittik/assets/js/countdown.js]
[wpthemebooster.com/demo/themeforest/html/mrittik/dark/coming-soon.html]
[wpthemebooster.com/demo/themeforest/html/mrittik/assets/js/map.js]
[wpthemebooster.com/demo/themeforest/html/mrittik/dark/contact.html]
[wpthemebooster.com/demo/themeforest/html/mrittik/assets/img/blog/4.jpg]
[wpthemebooster.com/demo/themeforest/html/mrittik/assets/img/blog/5.jpg]
[wpthemebooster.com/demo/themeforest/html/mrittik/assets/img/blog/6.jpg]
[wpthemebooster.com/demo/themeforest/html/mrittik/dark/blog.html]
[wpthemebooster.com/demo/themeforest/html/mrittik/assets/img/blog/details/1.jpg]
[wpthemebooster.com/demo/themeforest/html/mrittik/assets/img/blog/details/2.jpg]
[wpthemebooster.com/demo/themeforest/html/mrittik/assets/img/blog/commenter3.png]
[wpthemebooster.com/demo/themeforest/html/mrittik/dark/blog-details.html]
[wpthemebooster.com/demo/themeforest/html/mrittik/assets/fonts/bootstrap-icons/font/fonts/bootstrap-iconsd862.woff2]
[wpthemebooster.com/demo/themeforest/html/mrittik/assets/fonts/bootstrap-icons/font/fonts/bootstrap-iconsd862.woff]
[wpthemebooster.com/demo/themeforest/html/mrittik/assets/fonts/bootstrap-icons/font/bootstrap-icons.css]
[wpthemebooster.com/demo/themeforest/html/mrittik/plugins/menu/ma5-menu.css]
[wpthemebooster.com/demo/themeforest/html/mrittik/plugins/select2/css/select2.css]
[wpthemebooster.com/demo/themeforest/html/mrittik/plugins/jquery_ui/style.css]
[wpthemebooster.com/demo/themeforest/html/mrittik/plugins/swiper/swiper-bundle.min.css]
[wpthemebooster.com/demo/themeforest/html/mrittik/plugins/cursor-effect/cursor-effect.css]
[wpthemebooster.com/demo/themeforest/html/mrittik/plugins/aos/aos.css]
[wpthemebooster.com/demo/themeforest/html/mrittik/plugins/fancybox/jquery.fancybox.css]
[wpthemebooster.com/demo/themeforest/html/mrittik/assets/img/portfolio/grid-list/4.html]
[wpthemebooster.com/demo/themeforest/html/mrittik/plugins/jquery_ui/images/ui-icons_444444_256x240.html]
[wpthemebooster.com/demo/themeforest/html/mrittik/plugins/jquery_ui/images/ui-icons_555555_256x240.html]
[wpthemebooster.com/demo/themeforest/html/mrittik/plugins/jquery_ui/images/ui-icons_ffffff_256x240.html]
[wpthemebooster.com/demo/themeforest/html/mrittik/plugins/jquery_ui/images/ui-icons_777620_256x240.html]
[wpthemebooster.com/demo/themeforest/html/mrittik/plugins/jquery_ui/images/ui-icons_cc0000_256x240.html]
[wpthemebooster.com/demo/themeforest/html/mrittik/plugins/jquery_ui/images/ui-icons_777777_256x240.html]
